{"id":"b12fba3d-bb6c-4451-8022-619a83610033","barcode":"PA27ECC69803","device_id":"pi-almacen-01","scanned_at":"2025-11-02T00:51:44.380Z","status":"pending","synced_at":null,"attempts":0,"syncedAt":"2025-11-02T00:51:44.461Z"}
{"id":"692bd11a-1a0c-4147-8632-49c61be7090c","barcode":"PA27ECC69803","device_id":"pi-almacen-01","scanned_at":"2025-11-02T00:51:49.491Z","status":"pending","synced_at":null,"attempts":0,"syncedAt":"2025-11-02T00:51:49.507Z"}
{"id":"f22607e0-0aa2-4a82-bfee-201becff155e","barcode":"PA27ECC69803","device_id":"pi-almacen-01","scanned_at":"2025-11-02T00:51:50.580Z","status":"pending","synced_at":null,"attempts":0,"syncedAt":"2025-11-02T00:51:50.595Z"}
{"id":"403ad9bb-4396-44c7-b724-d09bf02b3e31","barcode":"PA27ECC69803","device_id":"pi-almacen-01","scanned_at":"2025-11-02T00:51:51.411Z","status":"pending","synced_at":null,"attempts":0,"syncedAt":"2025-11-02T00:51:51.428Z"}
{"id":"43a22ed6-fcc6-46e9-82dc-c82502c40b92","barcode":"PA27ECC69803","device_id":"pi-almacen-01","scanned_at":"2025-11-02T00:51:57.819Z","status":"pending","synced_at":null,"attempts":0,"syncedAt":"2025-11-02T00:51:57.836Z"}
{"id":"b9a467ee-74f7-4fa4-bf51-484853706c83","barcode":"PA27ECC69803","device_id":"pi-almacen-01","scanned_at":"2025-11-02T00:51:58.163Z","status":"pending","synced_at":null,"attempts":0,"syncedAt":"2025-11-02T00:51:58.179Z"}
{"id":"228c2639-f89a-42ba-a84a-0611f280c918","barcode":"PA27ECC69803","device_id":"pi-almacen-01","scanned_at":"2025-11-02T00:52:00.699Z","status":"pending","synced_at":null,"attempts":0,"syncedAt":"2025-11-02T00:52:00.717Z"}
{"id":"8f84b988-1c87-4d8a-8408-923cd3913240","barcode":"BLCCAE65DA95","device_id":"pi-almacen-01","scanned_at":"2025-11-02T01:10:50.317Z","status":"pending","synced_at":null,"attempts":0,"syncedAt":"2025-11-02T01:11:40.044Z"}
{"id":"7d1495b3-3362-4163-9a61-e51818271abc","barcode":"BLCCAE65DA95","device_id":"pi-almacen-01","scanned_at":"2025-11-02T01:10:53.016Z","status":"pending","synced_at":null,"attempts":0,"syncedAt":"2025-11-02T01:11:40.044Z"}
{"id":"641025c4-eb1b-4959-830a-3fcb5615b9d0","barcode":"BLCCAE65DA95","device_id":"pi-almacen-01","scanned_at":"2025-11-02T01:10:54.533Z","status":"pending","synced_at":null,"attempts":0,"syncedAt":"2025-11-02T01:11:40.044Z"}
{"id":"5a9d7928-e410-4b60-a7e5-095a84358022","barcode":"BLCCAE65DA95","device_id":"pi-almacen-01","scanned_at":"2025-11-02T01:11:02.928Z","status":"pending","synced_at":null,"attempts":0,"syncedAt":"2025-11-02T01:11:40.044Z"}
{"id":"89588f1a-65aa-4f47-951d-10697e0f1d98","barcode":"BLCCAE65DA95","device_id":"pi-almacen-01","scanned_at":"2025-11-02T01:11:03.645Z","status":"pending","synced_at":null,"attempts":0,"syncedAt":"2025-11-02T01:11:40.044Z"}
{"id":"c0271d22-2a7e-407e-bbea-ce5b709110af","barcode":"BLCCAE65DA95","device_id":"pi-almacen-01","scanned_at":"2025-11-02T01:11:04.075Z","status":"pending","synced_at":null,"attempts":0,"syncedAt":"2025-11-02T01:11:40.044Z"}
{"id":"0a67e97f-5660-41be-b92c-2ff1e394ecc0","barcode":"BLCCAE65DA95","device_id":"pi-almacen-01","scanned_at":"2025-11-02T01:11:04.305Z","status":"pending","synced_at":null,"attempts":0,"syncedAt":"2025-11-02T01:11:40.044Z"}
{"id":"85693bcb-edbe-4505-9612-6960a1a8f011","barcode":"BLCCAE65DA95","device_id":"pi-almacen-01","scanned_at":"2025-11-02T01:11:04.509Z","status":"pending","synced_at":null,"attempts":0,"syncedAt":"2025-11-02T01:11:40.044Z"}
{"id":"6ac09873-6edb-40b0-9d29-3319b6877c09","barcode":"BLCCAE65DA95","device_id":"pi-almacen-01","scanned_at":"2025-11-02T01:11:04.695Z","status":"pending","synced_at":null,"attempts":0,"syncedAt":"2025-11-02T01:11:40.044Z"}
{"id":"14860016-cc0e-4a6a-a0e3-99462351e83a","barcode":"BLCCAE65DA95","device_id":"pi-almacen-01","scanned_at":"2025-11-02T01:11:04.899Z","status":"pending","synced_at":null,"attempts":0,"syncedAt":"2025-11-02T01:11:40.044Z"}
{"id":"795f8c5a-781b-462a-8982-2445d0ed3ff9","barcode":"BLCCAE65DA95","device_id":"pi-almacen-01","scanned_at":"2025-11-02T01:11:05.110Z","status":"pending","synced_at":null,"attempts":0,"syncedAt":"2025-11-02T01:11:40.044Z"}
{"id":"f77d7637-fa31-4465-8a48-1b0f0d819862","barcode":"BLCCAE65DA95","device_id":"pi-almacen-01","scanned_at":"2025-11-02T01:11:05.311Z","status":"pending","synced_at":null,"attempts":0,"syncedAt":"2025-11-02T01:11:40.044Z"}
{"id":"cef293e6-4037-46d3-8a15-6daee7ac62e4","barcode":"BLCCAE65DA95","device_id":"pi-almacen-01","scanned_at":"2025-11-02T01:11:05.490Z","status":"pending","synced_at":null,"attempts":0,"syncedAt":"2025-11-02T01:11:40.044Z"}
{"id":"9e19aea7-9296-4ce2-b7b0-e6fd4b8876cb","barcode":"BLCCAE65DA95","device_id":"pi-almacen-01","scanned_at":"2025-11-02T01:11:05.669Z","status":"pending","synced_at":null,"attempts":0,"syncedAt":"2025-11-02T01:11:40.044Z"}
{"id":"bd8f99f3-4211-4d56-9ff8-9c68c8de8647","barcode":"BLCCAE65DA95","device_id":"pi-almacen-01","scanned_at":"2025-11-02T01:11:06.019Z","status":"pending","synced_at":null,"attempts":0,"syncedAt":"2025-11-02T01:11:40.044Z"}
{"id":"3319a0ee-5051-482d-9599-ead7606c1647","barcode":"BLCCAE65DA95","device_id":"pi-almacen-01","scanned_at":"2025-11-02T01:11:20.045Z","status":"pending","synced_at":null,"attempts":0,"syncedAt":"2025-11-02T01:11:40.044Z"}
{"id":"50819c1b-1cf7-4024-ad97-1c21a14183d8","barcode":"BLCCAE65DA95","device_id":"pi-almacen-01","scanned_at":"2025-11-02T01:11:20.398Z","status":"pending","synced_at":null,"attempts":0,"syncedAt":"2025-11-02T01:11:40.044Z"}
{"id":"e59435f7-0b6d-4844-858f-bbba9bf13824","barcode":"BLCCAE65DA95","device_id":"pi-almacen-01","scanned_at":"2025-11-02T01:11:20.616Z","status":"pending","synced_at":null,"attempts":0,"syncedAt":"2025-11-02T01:11:40.044Z"}
{"id":"1135b561-91a2-4b2f-aeb9-43e424622ae0","barcode":"BLCCAE65DA95","device_id":"pi-almacen-01","scanned_at":"2025-11-02T01:11:20.831Z","status":"pending","synced_at":null,"attempts":0,"syncedAt":"2025-11-02T01:11:40.044Z"}
{"id":"a2fd83d9-12e5-4f30-b992-a0b489dda1fa","barcode":"BLCCAE65DA95","device_id":"pi-almacen-01","scanned_at":"2025-11-02T01:11:21.022Z","status":"pending","synced_at":null,"attempts":0,"syncedAt":"2025-11-02T01:11:40.044Z"}
{"id":"19cb0999-9b87-4f84-adec-0a4a60282373","barcode":"BLCCAE65DA95","device_id":"pi-almacen-01","scanned_at":"2025-11-02T01:11:21.952Z","status":"pending","synced_at":null,"attempts":0,"syncedAt":"2025-11-02T01:11:40.044Z"}
{"id":"fe18f172-6983-4e1b-a79d-5aef16ad8bbf","barcode":"BLCCAE65DA95","device_id":"pi-almacen-01","scanned_at":"2025-11-02T01:11:22.217Z","status":"pending","synced_at":null,"attempts":0,"syncedAt":"2025-11-02T01:11:40.044Z"}
{"id":"5bf2d0cb-61c4-4e32-bf2d-93b17bc97124","barcode":"BLCCAE65DA95","device_id":"pi-almacen-01","scanned_at":"2025-11-02T01:11:22.403Z","status":"pending","synced_at":null,"attempts":0,"syncedAt":"2025-11-02T01:11:40.044Z"}
{"id":"adea4448-61c6-4f88-825a-dc9792c4b077","barcode":"BLCCAE65DA95","device_id":"pi-almacen-01","scanned_at":"2025-11-02T01:11:22.572Z","status":"pending","synced_at":null,"attempts":0,"syncedAt":"2025-11-02T01:11:40.044Z"}
{"id":"64213fd6-c424-4e1b-9a50-7a354d32c73e","barcode":"BLCCAE65DA95","device_id":"pi-almacen-01","scanned_at":"2025-11-02T01:11:22.746Z","status":"pending","synced_at":null,"attempts":0,"syncedAt":"2025-11-02T01:11:40.044Z"}
{"id":"4ba83f90-dfef-4149-b667-f2cb880c7b03","barcode":"BLCCAE65DA95","device_id":"pi-almacen-01","scanned_at":"2025-11-02T01:11:22.921Z","status":"pending","synced_at":null,"attempts":0,"syncedAt":"2025-11-02T01:11:40.044Z"}
{"id":"14e0f98a-4edd-45ca-b0fc-8a949b6118f5","barcode":"BLCCAE65DA95","device_id":"pi-almacen-01","scanned_at":"2025-11-02T01:11:23.082Z","status":"pending","synced_at":null,"attempts":0,"syncedAt":"2025-11-02T01:11:40.044Z"}
{"id":"5edcf192-1283-4a9f-b097-b9e6fd2774d9","barcode":"BLCCAE65DA95","device_id":"pi-almacen-01","scanned_at":"2025-11-02T01:11:23.251Z","status":"pending","synced_at":null,"attempts":0,"syncedAt":"2025-11-02T01:11:40.044Z"}
{"id":"6b07db47-51f5-445f-a9b2-1909ed60e2b7","barcode":"BLCCAE65DA95","device_id":"pi-almacen-01","scanned_at":"2025-11-02T01:11:23.425Z","status":"pending","synced_at":null,"attempts":0,"syncedAt":"2025-11-02T01:11:40.044Z"}
{"id":"cd01943f-f26b-40f0-8686-d3d7771651f2","barcode":"BLCCAE65DA95","device_id":"pi-almacen-01","scanned_at":"2025-11-02T01:11:23.610Z","status":"pending","synced_at":null,"attempts":0,"syncedAt":"2025-11-02T01:11:40.044Z"}
{"id":"6dcc8b55-5d46-420f-824d-70335b578bc0","barcode":"BLCCAE65DA95","device_id":"pi-almacen-01","scanned_at":"2025-11-02T01:12:17.498Z","status":"pending","synced_at":null,"attempts":0,"syncedAt":"2025-11-02T01:12:17.612Z"}
{"id":"0c9c2c1a-a76a-4526-a808-84b1a5e51193","barcode":"BLCCAE65DA95","device_id":"pi-almacen-01","scanned_at":"2025-11-02T01:12:18.665Z","status":"pending","synced_at":null,"attempts":0,"syncedAt":"2025-11-02T01:12:18.706Z"}
{"id":"74633c80-ed21-4d40-a04e-035bd7e2f1bc","barcode":"BLCCAE65DA95","device_id":"pi-almacen-01","scanned_at":"2025-11-02T01:12:55.252Z","status":"pending","synced_at":null,"attempts":0,"syncedAt":"2025-11-02T01:12:55.398Z"}
{"id":"a4113b5e-2429-409a-8168-08ecf4b88067","barcode":"BLCCAE65DA95","device_id":"pi-almacen-01","scanned_at":"2025-11-02T01:12:56.563Z","status":"pending","synced_at":null,"attempts":0,"syncedAt":"2025-11-02T01:12:56.589Z"}
{"id":"73b1c3b4-fec2-48bf-8ee6-e3372c03b126","barcode":"PF97E1C6A125","device_id":"pi-almacen-01","scanned_at":"2025-11-02T01:19:56.802Z","status":"pending","synced_at":null,"attempts":0,"syncedAt":"2025-11-02T01:19:56.935Z"}
{"id":"cb0b5253-f600-4bfc-8517-3788184d855a","barcode":"PA27ECC69803","device_id":"pi-almacen-01","scanned_at":"2025-11-02T01:26:07.638Z","status":"pending","synced_at":null,"attempts":0,"syncedAt":"2025-11-02T01:26:07.789Z"}
{"id":"14b763b9-fcae-4a0c-b9ba-61448fb1c93e","barcode":"PA27ECC69803","device_id":"pi-almacen-01","scanned_at":"2025-11-02T01:26:11.547Z","status":"pending","synced_at":null,"attempts":0,"syncedAt":"2025-11-02T01:26:11.567Z"}
{"id":"0750d6cf-fe3b-46f3-91c9-a8adcd7b55ed","barcode":"PA27ECC69803","device_id":"pi-almacen-01","scanned_at":"2025-11-02T01:26:32.100Z","status":"pending","synced_at":null,"attempts":0,"syncedAt":"2025-11-02T01:26:32.244Z"}
{"id":"69d4a5e8-5e8d-4d23-8de6-8cb1eaf21a6c","barcode":"PA27ECC69803","device_id":"pi-almacen-01","scanned_at":"2025-11-02T01:26:34.556Z","status":"pending","synced_at":null,"attempts":0,"syncedAt":"2025-11-02T01:26:34.597Z"}
{"id":"3a6cbb65-bd9b-4eb4-97e0-2dc05a36df2d","barcode":"PA27ECC69803","device_id":"pi-almacen-01","scanned_at":"2025-11-02T01:45:01.397Z","status":"pending","synced_at":null,"attempts":0,"syncedAt":"2025-11-02T01:45:01.549Z"}
{"id":"29169bd0-20e6-4a51-95fb-b9f518b33a9e","barcode":"CF60A485CC86","device_id":"pi-almacen-01","scanned_at":"2025-11-02T03:45:25.449Z","status":"pending","synced_at":null,"attempts":0,"syncedAt":"2025-11-02T03:45:25.604Z"}
{"id":"c9bff385-3232-4731-b064-1ae7d0c74729","barcode":"BE8200898352","device_id":"pi-almacen-01","scanned_at":"2025-11-02T03:45:28.279Z","status":"pending","synced_at":null,"attempts":0,"syncedAt":"2025-11-02T03:45:28.298Z"}
{"id":"44aacdb4-8758-42ab-8d83-bd8ca8835f7d","barcode":"BE8200898352","device_id":"pi-almacen-01","scanned_at":"2025-11-02T03:45:29.639Z","status":"pending","synced_at":null,"attempts":0,"syncedAt":"2025-11-02T03:45:29.658Z"}
{"id":"41120e72-b4d1-4fa7-a2a3-e02ffff61800","barcode":"BL4EF0F6B193","device_id":"pi-almacen-01","scanned_at":"2025-11-02T03:45:52.904Z","status":"pending","synced_at":null,"attempts":0,"syncedAt":"2025-11-02T03:45:52.936Z"}
{"id":"80529f3d-ccde-4312-a5b5-82ca34f83d5b","barcode":"CF60A485CC86","device_id":"pi-almacen-01","scanned_at":"2025-11-02T03:46:15.184Z","status":"pending","synced_at":null,"attempts":0,"syncedAt":"2025-11-02T03:46:15.220Z"}
{"id":"e5e30d7d-3af6-4826-8f83-896e415f6f6a","barcode":"CFDAE1950F64","device_id":"pi-almacen-01","scanned_at":"2025-11-02T03:46:34.223Z","status":"pending","synced_at":null,"attempts":0,"syncedAt":"2025-11-02T03:46:34.256Z"}
{"id":"26821f6c-2301-430c-b54d-79bfe2b0de83","barcode":"CFDAE1950F64","device_id":"pi-almacen-01","scanned_at":"2025-11-02T03:46:45.687Z","status":"pending","synced_at":null,"attempts":0,"syncedAt":"2025-11-02T03:46:45.706Z"}
{"id":"4e184cf2-5c3a-4019-a14f-b62f9f12d765","barcode":"CFDAE1950F64","device_id":"pi-almacen-01","scanned_at":"2025-11-02T03:46:51.927Z","status":"pending","synced_at":null,"attempts":0,"syncedAt":"2025-11-02T03:46:51.948Z"}
{"id":"3ee41f23-7224-4c36-9702-f11acd0fcc14","barcode":"BL4EF0F6B193","device_id":"pi-almacen-01","scanned_at":"2025-11-02T03:48:44.719Z","status":"pending","synced_at":null,"attempts":0,"syncedAt":"2025-11-02T03:49:41.231Z"}
{"id":"a054f238-6289-4395-af2f-8a7043de7715","barcode":"CFDAE1950F64","device_id":"pi-almacen-01","scanned_at":"2025-11-02T03:48:45.422Z","status":"pending","synced_at":null,"attempts":0,"syncedAt":"2025-11-02T03:49:41.231Z"}
{"id":"1ddab127-0539-4935-b726-bcbd2bbc17b7","barcode":"BE8200898352","device_id":"pi-almacen-01","scanned_at":"2025-11-02T03:48:45.998Z","status":"pending","synced_at":null,"attempts":0,"syncedAt":"2025-11-02T03:49:41.231Z"}
{"id":"1ae5c4bb-8375-49f4-9f76-397e86e3b74c","barcode":"PTDA96EFA707","device_id":"pi-almacen-01","scanned_at":"2025-11-02T03:48:47.102Z","status":"pending","synced_at":null,"attempts":0,"syncedAt":"2025-11-02T03:49:41.231Z"}
{"id":"612479df-0361-4551-929e-275be09ab9f3","barcode":"PA27ECC69803","device_id":"pi-almacen-01","scanned_at":"2025-11-02T03:48:48.350Z","status":"pending","synced_at":null,"attempts":0,"syncedAt":"2025-11-02T03:49:41.231Z"}
{"id":"b3b82865-037b-476e-aee1-42f0bc37a780","barcode":"CFDAE1950F64","device_id":"pi-almacen-01","scanned_at":"2025-11-02T03:48:50.382Z","status":"pending","synced_at":null,"attempts":0,"syncedAt":"2025-11-02T03:49:41.231Z"}
{"id":"920a34fc-bdca-4f3a-82ae-6116a0254311","barcode":"PF97E1C6A125","device_id":"pi-almacen-01","scanned_at":"2025-11-02T03:48:52.198Z","status":"pending","synced_at":null,"attempts":0,"syncedAt":"2025-11-02T03:49:41.231Z"}
{"id":"1d7d7a65-c046-49c6-bff6-d898bbcfdf44","barcode":"SEE7C5DD2503","device_id":"pi-almacen-01","scanned_at":"2025-11-02T03:48:53.262Z","status":"pending","synced_at":null,"attempts":0,"syncedAt":"2025-11-02T03:49:41.231Z"}
{"id":"5e1e3b40-2b0c-4fbc-b550-60051f5ec96e","barcode":"PA27ECC69803","device_id":"pi-almacen-01","scanned_at":"2025-11-02T03:48:54.006Z","status":"pending","synced_at":null,"attempts":0,"syncedAt":"2025-11-02T03:49:41.231Z"}
{"id":"4f0cd20d-1386-4c73-940b-a9372ab8c91d","barcode":"BL4EF0F6B193","device_id":"pi-almacen-01","scanned_at":"2025-11-02T03:48:54.630Z","status":"pending","synced_at":null,"attempts":0,"syncedAt":"2025-11-02T03:49:41.231Z"}
{"id":"7ce2b528-7668-45fb-bf37-16b1c56eb315","barcode":"CFDAE1950F64","device_id":"pi-almacen-01","scanned_at":"2025-11-02T03:48:55.213Z","status":"pending","synced_at":null,"attempts":0,"syncedAt":"2025-11-02T03:49:41.231Z"}
{"id":"8a77009b-0475-4a3c-baf3-ac883861bcd8","barcode":"PA27ECC69803","device_id":"pi-almacen-01","scanned_at":"2025-11-02T03:48:55.782Z","status":"pending","synced_at":null,"attempts":0,"syncedAt":"2025-11-02T03:49:41.231Z"}
{"id":"6062a1f5-800f-4836-8c69-57d553f74a28","barcode":"SEE7C5DD2503","device_id":"pi-almacen-01","scanned_at":"2025-11-02T03:48:56.342Z","status":"pending","synced_at":null,"attempts":0,"syncedAt":"2025-11-02T03:49:41.231Z"}
{"id":"b814f98c-b701-4ef3-9354-fe101e591aa5","barcode":"PF97E1C6A125","device_id":"pi-almacen-01","scanned_at":"2025-11-02T03:48:56.870Z","status":"pending","synced_at":null,"attempts":0,"syncedAt":"2025-11-02T03:49:41.231Z"}
{"id":"22d90cd2-f6c6-4375-b8b1-0bd20059776e","barcode":"PA27ECC69803","device_id":"pi-almacen-01","scanned_at":"2025-11-02T03:48:57.454Z","status":"pending","synced_at":null,"attempts":0,"syncedAt":"2025-11-02T03:49:41.231Z"}
{"id":"69240c2e-8b1e-4443-b0ce-5193bdc58091","barcode":"CFDAE1950F64","device_id":"pi-almacen-01","scanned_at":"2025-11-02T03:48:58.398Z","status":"pending","synced_at":null,"attempts":0,"syncedAt":"2025-11-02T03:49:41.231Z"}
{"id":"ce9e15c9-9229-4fd1-b9f7-3719e8976200","barcode":"BL4EF0F6B193","device_id":"pi-almacen-01","scanned_at":"2025-11-02T03:48:58.702Z","status":"pending","synced_at":null,"attempts":0,"syncedAt":"2025-11-02T03:49:41.231Z"}
{"id":"699cfa82-219a-4947-90cc-cbde386aed3b","barcode":"PA27ECC69803","device_id":"pi-almacen-01","scanned_at":"2025-11-02T03:48:59.414Z","status":"pending","synced_at":null,"attempts":0,"syncedAt":"2025-11-02T03:49:41.231Z"}
{"id":"e1fcf051-ac6b-4715-9bf2-12687271da22","barcode":"PF97E1C6A125","device_id":"pi-almacen-01","scanned_at":"2025-11-02T03:49:01.246Z","status":"pending","synced_at":null,"attempts":0,"syncedAt":"2025-11-02T03:49:41.231Z"}
{"id":"6602a3e6-7c2d-498c-b64b-761190d83c0a","barcode":"PF97E1C6A125","device_id":"pi-almacen-01","scanned_at":"2025-11-02T03:49:01.774Z","status":"pending","synced_at":null,"attempts":0,"syncedAt":"2025-11-02T03:49:41.231Z"}
{"id":"1f498c58-1ad9-4c0e-ae2d-d96df310ae78","barcode":"PA27ECC69803","device_id":"pi-almacen-01","scanned_at":"2025-11-02T03:49:02.302Z","status":"pending","synced_at":null,"attempts":0,"syncedAt":"2025-11-02T03:49:41.231Z"}
{"id":"c6a79582-c9de-4867-9ea4-2cc6c58372c8","barcode":"PA27ECC69803","device_id":"pi-almacen-01","scanned_at":"2025-11-02T03:49:04.198Z","status":"pending","synced_at":null,"attempts":0,"syncedAt":"2025-11-02T03:49:41.231Z"}
{"id":"29d839fe-e546-4a69-a9ea-0ad9d1e05c64","barcode":"SEE7C5DD2503","device_id":"pi-almacen-01","scanned_at":"2025-11-02T03:49:04.798Z","status":"pending","synced_at":null,"attempts":0,"syncedAt":"2025-11-02T03:49:41.231Z"}
{"id":"e279b7cc-d399-4c54-ba70-4d49987777af","barcode":"PF97E1C6A125","device_id":"pi-almacen-01","scanned_at":"2025-11-02T03:49:05.446Z","status":"pending","synced_at":null,"attempts":0,"syncedAt":"2025-11-02T03:49:41.231Z"}
{"id":"c2d4b0c6-9cf2-4cc6-967b-0e942b253977","barcode":"PA27ECC69803","device_id":"pi-almacen-01","scanned_at":"2025-11-02T03:49:06.702Z","status":"pending","synced_at":null,"attempts":0,"syncedAt":"2025-11-02T03:49:41.231Z"}
{"id":"b9ce2003-18c9-4ea8-97ba-e046dec2a9b3","barcode":"BL4EF0F6B193","device_id":"pi-almacen-01","scanned_at":"2025-11-02T03:49:07.302Z","status":"pending","synced_at":null,"attempts":0,"syncedAt":"2025-11-02T03:49:41.231Z"}
{"id":"49810bf7-bcb6-4a53-99af-766931ba1e38","barcode":"CFDAE1950F64","device_id":"pi-almacen-01","scanned_at":"2025-11-02T03:49:07.870Z","status":"pending","synced_at":null,"attempts":0,"syncedAt":"2025-11-02T03:49:41.231Z"}
{"id":"5e1aca2e-9b02-48ba-bb0c-fd3a8a46a0e0","barcode":"BE8200898352","device_id":"pi-almacen-01","scanned_at":"2025-11-02T03:49:08.934Z","status":"pending","synced_at":null,"attempts":0,"syncedAt":"2025-11-02T03:49:41.231Z"}
{"id":"4388fbad-abd5-4ece-8084-04cc3774756f","barcode":"CFDAE1950F64","device_id":"pi-almacen-01","scanned_at":"2025-11-02T03:49:09.558Z","status":"pending","synced_at":null,"attempts":0,"syncedAt":"2025-11-02T03:49:41.231Z"}
{"id":"99d26a88-08af-44e9-b39b-9c4c6cb36c47","barcode":"PTDA96EFA707","device_id":"pi-almacen-01","scanned_at":"2025-11-02T03:49:10.214Z","status":"pending","synced_at":null,"attempts":0,"syncedAt":"2025-11-02T03:49:41.231Z"}
{"id":"95eaa061-d60d-4657-ad08-41e0af10406e","barcode":"PF97E1C6A125","device_id":"pi-almacen-01","scanned_at":"2025-11-02T03:49:10.782Z","status":"pending","synced_at":null,"attempts":0,"syncedAt":"2025-11-02T03:49:41.231Z"}
{"id":"a0486409-57f7-460e-9bf6-dc02ebd56925","barcode":"PF97E1C6A125","device_id":"pi-almacen-01","scanned_at":"2025-11-02T03:49:11.350Z","status":"pending","synced_at":null,"attempts":0,"syncedAt":"2025-11-02T03:49:41.231Z"}
{"id":"6922d069-386a-4b3c-9b0d-b64a1ce98e0c","barcode":"PTDA96EFA707","device_id":"pi-almacen-01","scanned_at":"2025-11-02T03:49:12.814Z","status":"pending","synced_at":null,"attempts":0,"syncedAt":"2025-11-02T03:49:41.231Z"}
{"id":"463aced5-0251-4df0-8c92-837792050c97","barcode":"BL4EF0F6B193","device_id":"pi-almacen-01","scanned_at":"2025-11-02T03:49:13.758Z","status":"pending","synced_at":null,"attempts":0,"syncedAt":"2025-11-02T03:49:41.231Z"}
{"id":"460a72dd-7994-4f6c-827d-651618684571","barcode":"BE8200898352","device_id":"pi-almacen-01","scanned_at":"2025-11-02T03:49:15.302Z","status":"pending","synced_at":null,"attempts":0,"syncedAt":"2025-11-02T03:49:41.231Z"}
{"id":"b2b89476-1ce4-48f7-ad59-9dd34b6a8957","barcode":"BE8200898352","device_id":"pi-almacen-01","scanned_at":"2025-11-02T03:49:16.022Z","status":"pending","synced_at":null,"attempts":0,"syncedAt":"2025-11-02T03:49:41.231Z"}
{"id":"92882fdf-6674-426b-bef4-5b7b3f39ea3c","barcode":"BL4EF0F6B193","device_id":"pi-almacen-01","scanned_at":"2025-11-03T04:07:16.582Z","status":"pending","synced_at":null,"attempts":0,"syncedAt":"2025-11-03T04:07:16.696Z"}
{"id":"174aaf86-bc68-48b6-8b0d-ae5fd2a90b9e","barcode":"BL4EF0F6B193","device_id":"pi-almacen-01","scanned_at":"2025-11-03T04:07:24.868Z","status":"pending","synced_at":null,"attempts":0,"syncedAt":"2025-11-03T04:07:24.882Z"}
{"id":"025bfe0e-7d7d-40c7-9963-fad2079d7113","barcode":"BL4EF0F6B193","device_id":"pi-almacen-01","scanned_at":"2025-11-03T04:07:34.722Z","status":"pending","synced_at":null,"attempts":0,"syncedAt":"2025-11-03T04:07:34.734Z"}
{"id":"2092aa99-0568-4720-a97e-38f160ebe7cf","barcode":"BL4EF0F6B193","device_id":"pi-almacen-01","scanned_at":"2025-11-03T04:07:35.213Z","status":"pending","synced_at":null,"attempts":0,"syncedAt":"2025-11-03T04:07:35.225Z"}
{"id":"7294b560-c24f-490a-91e8-c88d507dbf98","barcode":"BL8DF2255F58","device_id":"pi-almacen-01","scanned_at":"2025-11-03T04:08:53.703Z","status":"pending","synced_at":null,"attempts":0,"syncedAt":"2025-11-03T04:08:53.720Z"}
{"id":"75ab3e35-8565-4e18-9500-e92bcd0439de","barcode":"BL8DF2255F58","device_id":"pi-almacen-01","scanned_at":"2025-11-03T04:09:01.058Z","status":"pending","synced_at":null,"attempts":0,"syncedAt":"2025-11-03T04:09:01.069Z"}
{"id":"dd09bbad-21ed-4812-8bc0-103c7accad55","barcode":"BL4EF0F6B193","device_id":"pi-almacen-01","scanned_at":"2025-11-03T04:21:16.861Z","status":"pending","synced_at":null,"attempts":0,"syncedAt":"2025-11-03T04:21:16.943Z"}
{"id":"25a9a7a8-0930-4185-ba3e-0e33b151e80b","barcode":"BE8200898352","device_id":"pi-almacen-01","scanned_at":"2025-11-03T04:23:27.476Z","status":"pending","synced_at":null,"attempts":0,"syncedAt":"2025-11-03T04:23:27.551Z"}
{"id":"e7c964c8-92e9-41c8-be48-e155962a042d","barcode":"BE8200898352","device_id":"pi-almacen-01","scanned_at":"2025-11-03T04:23:37.815Z","status":"pending","synced_at":null,"attempts":0,"syncedAt":"2025-11-03T04:23:37.866Z"}
{"id":"10b4078f-04cb-43f2-80b8-3ce975d908f7","barcode":"PA27ECC69803","device_id":"pi-almacen-01","scanned_at":"2025-11-03T04:26:54.106Z","status":"pending","synced_at":null,"attempts":0,"syncedAt":"2025-11-03T04:26:54.160Z"}
{"id":"873fff7b-bb24-4cd3-8431-18537c6b6a69","barcode":"BE8200898352","device_id":"pi-almacen-01","scanned_at":"2025-11-03T04:36:02.892Z","status":"pending","synced_at":null,"attempts":0,"syncedAt":"2025-11-03T04:36:02.968Z"}
{"id":"58e1251e-3018-4599-bbd4-e65f5b9f8216","barcode":"SE4391917B02","deviceId":"pi-almacen-01","scannedAt":"2025-11-07T00:57:48.573Z","syncedAt":"2025-11-07T00:57:48.760Z"}
{"id":"1561c1fb-144d-4fd4-abcf-8a410d82b979","barcode":"BL5169712642","deviceId":"pi-almacen-01","scannedAt":"2025-11-07T01:12:18.143Z","syncedAt":"2025-11-07T01:12:18.838Z"}
{"id":"47c312fd-1b68-4625-9286-16cd3962e8ae","barcode":"PACF82925020","deviceId":"pi-almacen-01","scannedAt":"2025-11-07T01:12:24.428Z","syncedAt":"2025-11-07T01:12:24.524Z"}
{"id":"8f7abf23-0244-4c66-91ea-4f4c77113f33","barcode":"BL5169712642","deviceId":"pi-almacen-01","scannedAt":"2025-11-07T01:13:54.061Z","syncedAt":"2025-11-07T01:13:54.275Z"}
{"id":"63dc2941-524d-49f6-abde-e9ab07eb3190","barcode":"BL5169712642","deviceId":"pi-almacen-01","scannedAt":"2025-11-07T01:13:59.123Z","syncedAt":"2025-11-07T01:13:59.179Z"}
{"id":"d6ea1e63-f240-4e57-af2d-9b623d16d23b","barcode":"BL5169712642","deviceId":"pi-almacen-01","scannedAt":"2025-11-07T01:14:03.129Z","syncedAt":"2025-11-07T01:14:03.388Z"}
{"id":"31b6076a-b37f-428e-ba60-c9d75a3aac6b","barcode":"CF647728C949","deviceId":"pi-almacen-01","scannedAt":"2025-11-07T01:14:08.319Z","syncedAt":"2025-11-07T01:14:08.380Z"}
{"id":"b4385aa6-cad8-49c4-a119-a2620b817aaf","barcode":"PTEAAAAE4C83","deviceId":"pi-almacen-01","scannedAt":"2025-11-07T01:14:14.162Z","syncedAt":"2025-11-07T01:14:14.254Z"}
{"id":"840d6e31-ec80-4a22-8227-91c2354baea4","barcode":"PTEAAAAE4C83","deviceId":"pi-almacen-01","scannedAt":"2025-11-07T01:15:24.176Z","syncedAt":"2025-11-07T01:15:24.280Z"}
{"id":"4086b76f-1082-43e8-8e32-3c836c807be2","barcode":"CF647728C949","deviceId":"pi-almacen-01","scannedAt":"2025-11-07T01:31:12.743Z","syncedAt":"2025-11-07T01:31:38.575Z"}
{"id":"245ad586-e35c-4ca0-8107-87c04e4f69b5","barcode":"BL5169712642","deviceId":"pi-almacen-01","scannedAt":"2025-11-07T01:31:13.852Z","syncedAt":"2025-11-07T01:31:38.576Z"}
{"id":"3b1196cd-e523-46d9-9cdf-32113b01b4f3","barcode":"BL5169712642","deviceId":"pi-almacen-01","scannedAt":"2025-11-07T01:31:14.720Z","syncedAt":"2025-11-07T01:31:38.576Z"}
{"id":"51281b3a-c762-47d0-8b29-52385f95b906","barcode":"BL5169712642","deviceId":"pi-almacen-01","scannedAt":"2025-11-07T01:31:15.442Z","syncedAt":"2025-11-07T01:31:38.576Z"}
{"id":"e867e424-38a7-4420-8509-ea80053aa900","barcode":"CF647728C949","deviceId":"pi-almacen-01","scannedAt":"2025-11-07T01:31:16.065Z","syncedAt":"2025-11-07T01:31:38.576Z"}
{"id":"593f4dd9-ee7a-4176-bead-7b9dca9ac6a3","barcode":"BE5E2D22E044","deviceId":"pi-almacen-01","scannedAt":"2025-11-07T01:31:16.926Z","syncedAt":"2025-11-07T01:31:38.576Z"}
{"id":"f493b252-e027-47fe-b153-34c83d729d06","barcode":"CF647728C949","deviceId":"pi-almacen-01","scannedAt":"2025-11-07T01:31:17.549Z","syncedAt":"2025-11-07T01:31:38.576Z"}
{"id":"98d50248-fb2b-45b6-b9d7-97655925e4f8","barcode":"BL5169712642","deviceId":"pi-almacen-01","scannedAt":"2025-11-07T01:31:18.134Z","syncedAt":"2025-11-07T01:31:38.576Z"}
{"id":"5ef46869-d8e2-4737-9b77-54eed50135dd","barcode":"PACF82925020","deviceId":"pi-almacen-01","scannedAt":"2025-11-07T01:31:19.257Z","syncedAt":"2025-11-07T01:31:38.576Z"}
{"id":"7939ad15-58fc-462a-b382-6e2436e0fb4e","barcode":"SE4391917B02","deviceId":"pi-almacen-01","scannedAt":"2025-11-07T01:31:20.764Z","syncedAt":"2025-11-07T01:31:38.576Z"}
{"id":"cefc02f3-2f52-46e4-9fc9-236672a68e83","barcode":"PACF82925020","deviceId":"pi-almacen-01","scannedAt":"2025-11-07T01:31:21.805Z","syncedAt":"2025-11-07T01:31:38.576Z"}
{"id":"42f1fac8-4aa8-4bb7-9276-736c5f28ad5f","barcode":"BL5169712642","deviceId":"pi-almacen-01","scannedAt":"2025-11-07T01:31:22.552Z","syncedAt":"2025-11-07T01:31:38.576Z"}
{"id":"e38514dd-5566-44a6-81e2-e51cb9cc39dc","barcode":"PACF82925020","deviceId":"pi-almacen-01","scannedAt":"2025-11-07T01:31:23.274Z","syncedAt":"2025-11-07T01:31:38.576Z"}
{"id":"e1a237a7-0d9a-4393-875c-e522660e6d2f","barcode":"BL5169712642","deviceId":"pi-almacen-01","scannedAt":"2025-11-07T01:31:23.820Z","syncedAt":"2025-11-07T01:31:38.576Z"}
{"id":"511b339f-2cdf-412e-9e62-bf012dc6b839","barcode":"SE4391917B02","deviceId":"pi-almacen-01","scannedAt":"2025-11-07T01:31:24.686Z","syncedAt":"2025-11-07T01:31:38.576Z"}
{"id":"37424c53-d490-471c-9d99-8bef5eb2ef65","barcode":"PACF82925020","deviceId":"pi-almacen-01","scannedAt":"2025-11-07T01:31:25.232Z","syncedAt":"2025-11-07T01:31:38.576Z"}
{"id":"6380a5bd-8b79-42aa-8413-81c4677892ee","barcode":"BL5169712642","deviceId":"pi-almacen-01","scannedAt":"2025-11-07T01:31:25.711Z","syncedAt":"2025-11-07T01:31:38.576Z"}
{"id":"594fd8d9-8298-46db-a29b-7d0d18850fbc","barcode":"PACF82925020","deviceId":"pi-almacen-01","scannedAt":"2025-11-07T01:31:26.174Z","syncedAt":"2025-11-07T01:31:38.576Z"}
{"id":"1627d7dd-051c-489f-a456-30450965c6eb","barcode":"SE4391917B02","deviceId":"pi-almacen-01","scannedAt":"2025-11-07T01:31:26.636Z","syncedAt":"2025-11-07T01:31:38.576Z"}
{"id":"68f4b7de-5f32-4516-a378-ddf7503ebc1c","barcode":"PACF82925020","deviceId":"pi-almacen-01","scannedAt":"2025-11-07T01:31:27.180Z","syncedAt":"2025-11-07T01:31:38.576Z"}
{"id":"39fe9437-bc8a-4357-880a-bf9df6d987c3","barcode":"CF647728C949","deviceId":"pi-almacen-01","scannedAt":"2025-11-07T01:31:27.682Z","syncedAt":"2025-11-07T01:31:38.576Z"}
{"id":"588fe5af-abdd-473d-9595-6d55937eebf9","barcode":"BL5169712642","deviceId":"pi-almacen-01","scannedAt":"2025-11-07T01:40:08.463Z","syncedAt":"2025-11-07T01:40:08.604Z"}
{"id":"76277560-4714-4a1e-b480-e9d9cc859fc4","barcode":"SE4391917B02","deviceId":"pi-almacen-01","scannedAt":"2025-11-07T01:40:12.375Z","syncedAt":"2025-11-07T01:40:12.427Z"}
{"id":"d6a97bcd-b015-4062-967b-2ede7c020167","barcode":"PFF0C6433B68","deviceId":"pi-almacen-01","scannedAt":"2025-11-07T01:40:13.922Z","syncedAt":"2025-11-07T01:40:13.961Z"}
{"id":"8eafa4d3-16e2-4a42-a92f-5f8c18bf119d","barcode":"PTEAAAAE4C83","deviceId":"pi-almacen-01","scannedAt":"2025-11-07T02:08:24.989Z","syncedAt":"2025-11-07T02:08:25.209Z"}
{"id":"5d3aff89-2ec2-4423-926f-a62ed8223fbb","barcode":"SE4391917B02","deviceId":"pi-almacen-01","scannedAt":"2025-11-07T02:08:33.840Z","syncedAt":"2025-11-07T02:08:33.934Z"}
{"id":"e7a8f213-9946-4777-b6c4-3567e0ad4856","barcode":"SE4391917B02","deviceId":"pi-almacen-01","scannedAt":"2025-11-07T02:08:35.327Z","syncedAt":"2025-11-07T02:08:35.379Z"}
{"id":"750b9a80-6ca6-4ce0-b35e-fe8f1a352e52","barcode":"BL5169712642","deviceId":"pi-almacen-01","scannedAt":"2025-11-07T02:08:42.325Z","syncedAt":"2025-11-07T02:08:42.366Z"}
{"id":"de3d449a-0697-4395-b07e-ce2a0772120c","barcode":"BL5169712642","deviceId":"pi-almacen-01","scannedAt":"2025-11-07T02:08:43.897Z","syncedAt":"2025-11-07T02:08:43.966Z"}
{"id":"13a605c9-4f4a-47f9-92b8-cb33d95aaa3d","barcode":"PACF82925020","deviceId":"pi-almacen-01","scannedAt":"2025-11-07T02:08:45.928Z","syncedAt":"2025-11-07T02:08:46.021Z"}
{"id":"fac6b091-cfdb-49ac-9125-3e1b63c5662c","barcode":"PACF82925020","deviceId":"pi-almacen-01","scannedAt":"2025-11-07T02:08:47.833Z","syncedAt":"2025-11-07T02:08:47.965Z"}
{"id":"e4ae2872-a70d-4538-9e1a-fdf5e13311d3","barcode":"SE4391917B02","deviceId":"pi-almacen-01","scannedAt":"2025-11-07T02:09:05.278Z","syncedAt":"2025-11-07T02:09:30.062Z"}
{"id":"5ad26175-737d-4e93-aee7-bebc8d3da1ba","barcode":"PACF82925020","deviceId":"pi-almacen-01","scannedAt":"2025-11-07T02:09:10.023Z","syncedAt":"2025-11-07T02:09:30.062Z"}
{"id":"b635563d-1e1c-4606-b4df-29f880551c46","barcode":"SE4391917B02","deviceId":"pi-almacen-01","scannedAt":"2025-11-07T02:09:11.653Z","syncedAt":"2025-11-07T02:09:30.062Z"}
{"id":"eb3fc037-6835-4031-9aea-4d291a227c55","barcode":"PACF82925020","deviceId":"pi-almacen-01","scannedAt":"2025-11-07T02:09:12.454Z","syncedAt":"2025-11-07T02:09:30.062Z"}
{"id":"af925f3e-2cbf-4739-8f6b-5499fc56e855","barcode":"BL5169712642","deviceId":"pi-almacen-01","scannedAt":"2025-11-07T02:09:13.337Z","syncedAt":"2025-11-07T02:09:30.062Z"}
{"id":"eff0695e-eba5-40e3-8000-fdbb7b16924d","barcode":"CF647728C949","deviceId":"pi-almacen-01","scannedAt":"2025-11-07T02:09:14.279Z","syncedAt":"2025-11-07T02:09:30.062Z"}
{"id":"95dd2b8b-a36a-4f28-92b4-5fad76f9e34a","barcode":"PTEAAAAE4C83","deviceId":"pi-almacen-01","scannedAt":"2025-11-07T02:09:15.473Z","syncedAt":"2025-11-07T02:09:30.062Z"}
{"id":"4c4ba152-77c6-47e4-a3c3-2998597b1e4c","barcode":"PACF82925020","deviceId":"pi-almacen-01","scannedAt":"2025-11-07T02:09:16.865Z","syncedAt":"2025-11-07T02:09:30.062Z"}
{"id":"7abeb954-4115-40a5-973f-74349a02a903","barcode":"SE4391917B02","deviceId":"pi-almacen-01","scannedAt":"2025-11-07T02:09:17.495Z","syncedAt":"2025-11-07T02:09:30.062Z"}
{"id":"d248db68-5aac-4a9a-a87a-48d6925689cb","barcode":"PACF82925020","deviceId":"pi-almacen-01","scannedAt":"2025-11-07T02:09:18.831Z","syncedAt":"2025-11-07T02:09:30.062Z"}
{"id":"7ceb5d3f-a7af-45b7-a272-fba8aea6a394","barcode":"BL5169712642","deviceId":"pi-almacen-01","scannedAt":"2025-11-07T02:09:19.459Z","syncedAt":"2025-11-07T02:09:30.062Z"}
{"id":"6b720ad7-7331-462e-ae69-ec16cd00cca3","barcode":"SE4391917B02","deviceId":"pi-almacen-01","scannedAt":"2025-11-07T03:01:16.059Z","syncedAt":"2025-11-07T03:01:16.184Z"}
{"id":"b818e09b-2ba8-479e-a001-40f770ca8cca","barcode":"BL879FAEFC29","deviceId":"pi-almacen-01","scannedAt":"2025-11-07T11:48:42.134Z","syncedAt":"2025-11-07T11:48:42.239Z"}
{"id":"5ec56162-b331-4263-807d-47c373042877","barcode":"BL96B10F0580","deviceId":"pi-almacen-01","scannedAt":"2025-11-07T12:04:50.070Z","syncedAt":"2025-11-07T12:04:50.283Z"}
{"id":"cc714767-149b-46d8-9d89-c27338771c6e","barcode":"SE7C50ACEB84","deviceId":"pi-almacen-01","scannedAt":"2025-11-07T12:08:24.039Z","syncedAt":"2025-11-07T12:08:24.194Z"}
{"id":"1fc0306a-c3bd-4eec-8665-7cc5c284190e","barcode":"CF159F8F7107","deviceId":"pi-almacen-01","scannedAt":"2025-11-07T12:08:57.743Z","syncedAt":"2025-11-07T12:08:57.887Z"}
{"id":"0e5340b5-0170-4fb1-aba0-f663a0700b2b","barcode":"CF159F8F7107","deviceId":"pi-almacen-01","scannedAt":"2025-11-07T12:08:58.530Z","syncedAt":"2025-11-07T12:08:58.954Z"}
{"id":"a8fece35-cb5e-4389-9e36-9be03a8e7093","barcode":"BL96B10F0580","deviceId":"pi-almacen-01","scannedAt":"2025-11-07T12:12:36.020Z","syncedAt":"2025-11-07T12:13:26.726Z"}
{"id":"1a85a548-a97b-449e-b631-b0cd8bfc712c","barcode":"PT47CE75C517","deviceId":"pi-almacen-01","scannedAt":"2025-11-07T12:12:37.301Z","syncedAt":"2025-11-07T12:13:26.726Z"}
{"id":"f17ffba7-d3d5-4c59-bf1e-b1b025f0c557","barcode":"CF159F8F7107","deviceId":"pi-almacen-01","scannedAt":"2025-11-07T12:12:39.703Z","syncedAt":"2025-11-07T12:13:26.726Z"}
{"id":"35467fc1-f4c9-4745-92d5-2b81e0269feb","barcode":"SE7C50ACEB84","deviceId":"pi-almacen-01","scannedAt":"2025-11-07T12:12:42.312Z","syncedAt":"2025-11-07T12:13:26.726Z"}
{"id":"aa17e57d-2cb7-4055-90c8-8615d21d8e5b","barcode":"PFF1861DBC83","deviceId":"pi-almacen-01","scannedAt":"2025-11-07T12:12:43.186Z","syncedAt":"2025-11-07T12:13:26.726Z"}
{"id":"97800112-2336-4f55-94f5-89e10b52a1a8","barcode":"SE2A28368863","deviceId":"pi-almacen-01","scannedAt":"2025-11-18T01:36:24.322Z","syncedAt":"2025-11-18T01:39:25.729Z"}
{"id":"866dd633-b4ec-4e5a-baf8-b2f370ae2756","barcode":"SE2A28368863","deviceId":"pi-almacen-01","scannedAt":"2025-11-18T01:39:42.068Z","syncedAt":"2025-11-18T01:39:42.316Z"}
{"id":"3df83ab9-4d3a-4b48-9739-d4f29c4cd01e","barcode":"SE2A28368863","deviceId":"pi-almacen-01","scannedAt":"2025-11-18T01:39:59.434Z","syncedAt":"2025-11-18T01:39:59.615Z"}
{"id":"c4ba8ffe-fbc1-4757-bbc3-e52dda962b9e","barcode":"PTB7068BDF67","deviceId":"pi-almacen-01","scannedAt":"2025-11-18T01:40:00.493Z","syncedAt":"2025-11-18T01:40:00.593Z"}
{"id":"4d801923-6038-4a66-b5b6-7682313e4cf3","barcode":"CFC0AC81F460","deviceId":"pi-almacen-01","scannedAt":"2025-11-18T01:40:01.315Z","syncedAt":"2025-11-18T01:40:01.415Z"}
{"id":"cb9d0c96-37b2-4f0f-8a83-3a1eace9dbbd","barcode":"CFC0AC81F460","deviceId":"pi-almacen-01","scannedAt":"2025-11-18T01:40:01.894Z","syncedAt":"2025-11-18T01:40:02.012Z"}
{"id":"523197fe-1fa4-4d06-8d92-b900fb081ff4","barcode":"PTB7068BDF67","deviceId":"pi-almacen-01","scannedAt":"2025-11-18T01:40:02.690Z","syncedAt":"2025-11-18T01:40:02.845Z"}
{"id":"395283f9-0c89-4443-a660-73c44849f8e4","barcode":"SE2A28368863","deviceId":"pi-almacen-01","scannedAt":"2025-11-18T01:40:03.336Z","syncedAt":"2025-11-18T01:40:03.444Z"}
{"id":"a99e5259-f860-4c80-a664-890c04e26459","barcode":"BE4A2E62F068","deviceId":"pi-almacen-01","scannedAt":"2025-11-18T01:40:04.354Z","syncedAt":"2025-11-18T01:40:04.467Z"}
{"id":"fc46f474-0970-4140-b222-e34208a492f1","barcode":"CFC0AC81F460","deviceId":"pi-almacen-01","scannedAt":"2025-11-18T01:40:05.015Z","syncedAt":"2025-11-18T01:40:05.082Z"}
{"id":"93c675c2-2394-484e-9a8e-2ce74e3ff3c8","barcode":"BL0B9615A953","deviceId":"pi-almacen-01","scannedAt":"2025-11-18T01:40:05.494Z","syncedAt":"2025-11-18T01:40:05.822Z"}
{"id":"a6e09eb0-09e8-407b-8916-852f6a6fc512","barcode":"PA4F4C736E76","deviceId":"pi-almacen-01","scannedAt":"2025-11-18T01:40:06.456Z","syncedAt":"2025-11-18T01:40:06.524Z"}
{"id":"ae856511-edac-43d1-b655-6eaacb9c9dce","barcode":"SE2A28368863","deviceId":"pi-almacen-01","scannedAt":"2025-11-18T01:40:07.264Z","syncedAt":"2025-11-18T01:40:07.348Z"}
